 ⨯ [Error: ENOENT: no such file or directory, open 'D:\laragon\www\gamifikasi\frontend\.next\routes-manifest.json'] {
  errno: -4058,
  code: 'ENOENT',
  syscall: 'open',
  path: 'D:\\laragon\\www\\gamifikasi\\frontend\\.next\\routes-manifest.json',
  page: '/'
}
 ⨯ [Error: ENOENT: no such file or directory, open 'D:\laragon\www\gamifikasi\frontend\.next\routes-manifest.json'] {
  errno: -4058,
  code: 'ENOENT',
  syscall: 'open',
  path: 'D:\\laragon\\www\\gamifikasi\\frontend\\.next\\routes-manifest.json'
}
[Error: ENOENT: no such file or directory, open 'D:\laragon\www\gamifikasi\frontend\.next\routes-manifest.json'] {
  errno: -4058,
  code: 'ENOENT',
  syscall: 'open',
  path: 'D:\\laragon\\www\\gamifikasi\\frontend\\.next\\routes-manifest.json',
  page: '/'
}
 ⨯ [Error: ENOENT: no such file or directory, open 'D:\laragon\www\gamifikasi\frontend\.next\routes-manifest.json'] {
  errno: -4058,
  code: 'ENOENT',
  syscall: 'open',
  path: 'D:\\laragon\\www\\gamifikasi\\frontend\\.next\\routes-manifest.json'
}
[Error: ENOENT: no such file or directory, open 'D:\laragon\www\gamifikasi\frontend\.next\routes-manifest.json'] {
  errno: -4058,
  code: 'ENOENT',
  syscall: 'open',
  path: 'D:\\laragon\\www\\gamifikasi\\frontend\\.next\\routes-manifest.json'
}
